// Jest Snapshot v1, https://goo.gl/fbAQLP

exports[`Schema schema should build a valid schema.prisma from multiple .prisma files 1`] = `
generator client {
  provider = "prisma-client-js"
  output = "***"
}

datasource db {
  provider = "sqlite"
  url = "***"
} 

model Post {
  id        Int      @default(autoincrement()) @id
  createdAt DateTime @default(now())
  title     String
  content   String?
  published Boolean  @default(false)
  author    User     @relation(fields: [authorId], references: [id])
  authorId  Int
} 

model Profile {
  id     Int     @default(autoincrement()) @id
  bio    String?
  user   User    @relation(fields: [userId], references: [id])
  userId Int     @unique
} 

model User {
  id      Int      @default(autoincrement()) @id
  email   String   @unique
  name    String?
  posts   Post[]
  profile Profile?
}
`;

exports[`schema should build a valid schema.prisma from multiple .prisma files 1`] = `
generator client {
  provider = "prisma-client-js"
  output = "***"
}

datasource db {
  provider = "sqlite"
  url = "***"
} 

model Post {
  id        Int      @default(autoincrement()) @id
  createdAt DateTime @default(now())
  title     String
  content   String?
  published Boolean  @default(false)
  author    User     @relation(fields: [authorId], references: [id])
  authorId  Int
} 

model Profile {
  id     Int     @default(autoincrement()) @id
  bio    String?
  user   User    @relation(fields: [userId], references: [id])
  userId Int     @unique
} 

model User {
  id      Int      @default(autoincrement()) @id
  email   String   @unique
  name    String?
  posts   Post[]
  profile Profile?
}
`;
